// Vitest Snapshot v1, https://vitest.dev/guide/snapshot.html

exports[`MenuItemIconTile — no-empty-frame rule > known product types produce a snapshot of distinct tiles 1`] = `
{
  "ajvar": "<div class="_tile_96d910"><svg viewBox="0 0 24 24" fill="none" stroke="currentColor" stroke-width="1.75" stroke-linecap="round" stroke-linejoin="round" aria-hidden="true" class="_glyph_96d910"><path d="M7 4h10v2.5H7Z"></path><path d="M7.5 6.5h9L16 20a1 1 0 0 1-1 1H9a1 1 0 0 1-1-1L7.5 6.5Z"></path><path d="M8 10.5h8"></path></svg></div>",
  "burek": "<div class="_tile_96d910"><svg viewBox="0 0 24 24" fill="none" stroke="currentColor" stroke-width="1.75" stroke-linecap="round" stroke-linejoin="round" aria-hidden="true" class="_glyph_96d910"><path d="M4 19a8 8 0 0 1 16 0"></path><path d="M6 19a6 6 0 0 1 12 0"></path><path d="M8.5 19a3.5 3.5 0 0 1 7 0"></path></svg></div>",
  "cevapi": "<div class="_tile_96d910"><svg viewBox="0 0 24 24" fill="none" stroke="currentColor" stroke-width="1.75" stroke-linecap="round" stroke-linejoin="round" aria-hidden="true" class="_glyph_96d910"><rect x="3" y="8" width="5.5" height="3.4" rx="1.7"></rect><rect x="9.3" y="8" width="5.5" height="3.4" rx="1.7"></rect><rect x="15.6" y="8" width="5.5" height="3.4" rx="1.7"></rect><path d="M3 15.5h18"></path></svg></div>",
  "corba": "<div class="_tile_96d910"><svg viewBox="0 0 24 24" fill="none" stroke="currentColor" stroke-width="1.75" stroke-linecap="round" stroke-linejoin="round" aria-hidden="true" class="_glyph_96d910"><path d="M3 12h18a7 7 0 0 1-14 0"></path><path d="M4 12l-1-1.5"></path><path d="M9.5 5c-.7.7-.7 1.6 0 2.3"></path><path d="M12.5 5c-.7.7-.7 1.6 0 2.3"></path></svg></div>",
  "domaca kafa": "<div class="_tile_96d910"><svg viewBox="0 0 24 24" fill="none" stroke="currentColor" stroke-width="1.75" stroke-linecap="round" stroke-linejoin="round" aria-hidden="true" class="_glyph_96d910"><path d="M6 9h10v4a5 5 0 0 1-5 5v0a5 5 0 0 1-5-5V9Z"></path><path d="M16 10.5h1.5a2 2 0 0 1 0 4H16"></path><path d="M3 19.5c2.2-1 15.8-1 18 0"></path><path d="M8.5 5.5c-.6.6-.6 1.4 0 2"></path><path d="M11.5 5.5c-.6.6-.6 1.4 0 2"></path></svg></div>",
  "kajmak": "<div class="_tile_96d910"><svg viewBox="0 0 24 24" fill="none" stroke="currentColor" stroke-width="1.75" stroke-linecap="round" stroke-linejoin="round" aria-hidden="true" class="_glyph_96d910"><path d="M4 12a8 4 0 0 0 16 0v3a8 4 0 0 1-16 0v-3Z"></path><path d="M4 12a8 4 0 0 1 16 0a8 4 0 0 1-16 0Z"></path><path d="M9 11.5c.8-.7 1.6-.7 2.4 0s1.6.7 2.4 0"></path></svg></div>",
  "kolac": "<div class="_tile_96d910"><svg viewBox="0 0 24 24" fill="none" stroke="currentColor" stroke-width="1.75" stroke-linecap="round" stroke-linejoin="round" aria-hidden="true" class="_glyph_96d910"><path d="M4 20V12l8-6 8 6v8"></path><path d="M4 20h16"></path><path d="M9 20v-5"></path><path d="M15 20v-5"></path><path d="M12 20v-8"></path></svg></div>",
  "palacinke": "<div class="_tile_96d910"><svg viewBox="0 0 24 24" fill="none" stroke="currentColor" stroke-width="1.75" stroke-linecap="round" stroke-linejoin="round" aria-hidden="true" class="_glyph_96d910"><ellipse cx="12" cy="8" rx="7" ry="2.2"></ellipse><ellipse cx="12" cy="12" rx="7" ry="2.2"></ellipse><ellipse cx="12" cy="16" rx="7" ry="2.2"></ellipse><path d="M12 6c1.5 2 1.5 8 0 12" stroke-dasharray="1.5 2"></path></svg></div>",
  "pivo": "<div class="_tile_96d910"><svg viewBox="0 0 24 24" fill="none" stroke="currentColor" stroke-width="1.75" stroke-linecap="round" stroke-linejoin="round" aria-hidden="true" class="_glyph_96d910"><path d="M6 8h8v11a2 2 0 0 1-2 2H8a2 2 0 0 1-2-2V8Z"></path><path d="M6 8c0-1.7 1-3 2-3.5"></path><path d="M14 10h1.5a2 2 0 0 1 0 4H14"></path><path d="M6 5.5h6"></path><path d="M7 8v9"></path></svg></div>",
  "pljeskavica": "<div class="_tile_96d910"><svg viewBox="0 0 24 24" fill="none" stroke="currentColor" stroke-width="1.75" stroke-linecap="round" stroke-linejoin="round" aria-hidden="true" class="_glyph_96d910"><ellipse cx="12" cy="12" rx="8" ry="5"></ellipse><path d="M6 10.5c2-1.4 10-1.4 12 0"></path><path d="M6 13.5c2 1.4 10 1.4 12 0"></path></svg></div>",
  "rakija": "<div class="_tile_96d910"><svg viewBox="0 0 24 24" fill="none" stroke="currentColor" stroke-width="1.75" stroke-linecap="round" stroke-linejoin="round" aria-hidden="true" class="_glyph_96d910"><path d="M9 3h6l-1.4 8.2a1 1 0 0 1-1 .8h-1.2a1 1 0 0 1-1-.8L9 3Z"></path><path d="M12 12v6"></path><path d="M9 21h6"></path><path d="M12 18v3"></path></svg></div>",
  "riba": "<div class="_tile_96d910"><svg viewBox="0 0 24 24" fill="none" stroke="currentColor" stroke-width="1.75" stroke-linecap="round" stroke-linejoin="round" aria-hidden="true" class="_glyph_96d910"><path d="M3 12c3-4 8-6 12-4-1 1.5-1 6.5 0 8-4 2-9 0-12-4Z"></path><path d="M15 8c2 .5 4 2 6 4-2 2-4 3.5-6 4"></path><circle cx="8" cy="11" r="0.6" fill="currentColor" stroke="none"></circle></svg></div>",
  "rostilj": "<div class="_tile_96d910"><svg viewBox="0 0 24 24" fill="none" stroke="currentColor" stroke-width="1.75" stroke-linecap="round" stroke-linejoin="round" aria-hidden="true" class="_glyph_96d910"><path d="M3 9h18"></path><path d="M3 12h18"></path><path d="M3 15h18"></path><path d="M6 9v-2"></path><path d="M18 9v-2"></path><path d="M12 21c-2.5-2-2.5-3.5-1-5.5c1 1 1.5.5 1-1c1.5.7 2 3 1 4.5"></path></svg></div>",
  "salata": "<div class="_tile_96d910"><svg viewBox="0 0 24 24" fill="none" stroke="currentColor" stroke-width="1.75" stroke-linecap="round" stroke-linejoin="round" aria-hidden="true" class="_glyph_96d910"><path d="M3 12h18a7 7 0 0 1-14 0"></path><path d="M7 12c1-3 3-5 5-6"></path><path d="M12 12c.5-3 2-5.5 4-6.5"></path><circle cx="9" cy="9.5" r="0.6" fill="currentColor" stroke="none"></circle><circle cx="14" cy="8.5" r="0.6" fill="currentColor" stroke="none"></circle></svg></div>",
  "sladoled": "<div class="_tile_96d910"><svg viewBox="0 0 24 24" fill="none" stroke="currentColor" stroke-width="1.75" stroke-linecap="round" stroke-linejoin="round" aria-hidden="true" class="_glyph_96d910"><path d="M8 10a4 4 0 0 1 8 0c0 2-1.3 3-4 3s-4-1-4-3Z"></path><path d="M12 13v3"></path><path d="M9.5 16l2.5 5.5L14.5 16Z"></path></svg></div>",
  "sok": "<div class="_tile_96d910"><svg viewBox="0 0 24 24" fill="none" stroke="currentColor" stroke-width="1.75" stroke-linecap="round" stroke-linejoin="round" aria-hidden="true" class="_glyph_96d910"><path d="M8 3h8l-1 15a2 2 0 0 1-2 2h-2a2 2 0 0 1-2-2L8 3Z"></path><path d="M8.5 8h7"></path><path d="M15 3l1.5-2"></path></svg></div>",
  "supa": "<div class="_tile_96d910"><svg viewBox="0 0 24 24" fill="none" stroke="currentColor" stroke-width="1.75" stroke-linecap="round" stroke-linejoin="round" aria-hidden="true" class="_glyph_96d910"><path d="M3 12h18a7 7 0 0 1-14 0"></path><path d="M4 12l-1-1.5"></path><path d="M9.5 5c-.7.7-.7 1.6 0 2.3"></path><path d="M12.5 5c-.7.7-.7 1.6 0 2.3"></path></svg></div>",
  "testenina": "<div class="_tile_96d910"><svg viewBox="0 0 24 24" fill="none" stroke="currentColor" stroke-width="1.75" stroke-linecap="round" stroke-linejoin="round" aria-hidden="true" class="_glyph_96d910"><path d="M4 10a8 4 0 0 0 16 0v3a8 4 0 0 1-16 0v-3Z"></path><path d="M4 10a8 4 0 0 1 16 0a8 4 0 0 1-16 0Z"></path><path d="M9 20l3-3.5"></path><path d="M12 20.5l3-4"></path></svg></div>",
  "turska kafa": "<div class="_tile_96d910"><svg viewBox="0 0 24 24" fill="none" stroke="currentColor" stroke-width="1.75" stroke-linecap="round" stroke-linejoin="round" aria-hidden="true" class="_glyph_96d910"><path d="M8 11h6.5a1.5 1.5 0 0 1 1.5 1.5v.5a3.5 3.5 0 0 1-3.5 3.5H10a3.5 3.5 0 0 1-3.5-3.5v-1a.5.5 0 0 1 .5-.5Z"></path><path d="M8 11c0-2.5.4-4.2 1.3-6"></path><path d="M14 11c0-2.2-.3-3.7-1-5"></path><path d="M16 12h4.5l-1.5-3.5"></path><path d="M3 19.5c2.2-1 15.8-1 18 0"></path></svg></div>",
  "vino": "<div class="_tile_96d910"><svg viewBox="0 0 24 24" fill="none" stroke="currentColor" stroke-width="1.75" stroke-linecap="round" stroke-linejoin="round" aria-hidden="true" class="_glyph_96d910"><path d="M7 3h10c0 5-2 8-5 8s-5-3-5-8Z"></path><path d="M12 11v7"></path><path d="M8 21h8"></path></svg></div>",
  "voda": "<div class="_tile_96d910"><svg viewBox="0 0 24 24" fill="none" stroke="currentColor" stroke-width="1.75" stroke-linecap="round" stroke-linejoin="round" aria-hidden="true" class="_glyph_96d910"><path d="M12 3s5 6 5 10.5A5 5 0 0 1 7 13.5C7 9 12 3 12 3Z"></path></svg></div>",
}
`;
